[W 2026-08-15 22:10:38.317 ServerApp] ServerApp.token config is deprecated in 2.0. Use IdentityProvider.token.
[I 2026-08-15 22:10:38.445 ServerApp] jupyter_lsp | extension was successfully linked.
[I 2026-08-15 22:10:38.457 ServerApp] jupyter_server_terminals | extension was successfully linked.
[I 2026-08-15 22:10:38.471 ServerApp] jupyterlab | extension was successfully linked.
[I 2026-08-15 22:10:38.481 ServerApp] notebook | extension was successfully linked.
[I 2026-08-15 22:10:39.398 ServerApp] notebook_shim | extension was successfully linked.
[W 2026-08-15 22:10:39.486 ServerApp] All authentication is disabled.  Anyone who can connect to this server will be able to run code.
[I 2026-08-15 22:10:39.488 ServerApp] notebook_shim | extension was successfully loaded.
[I 2026-08-15 22:10:39.492 ServerApp] jupyter_lsp | extension was successfully loaded.
[I 2026-08-15 22:10:39.493 ServerApp] jupyter_server_terminals | extension was successfully loaded.
[I 2026-08-15 22:10:39.502 LabApp] JupyterLab extension loaded from F:\anaconda\miniconda3\Lib\site-packages\jupyterlab
[I 2026-08-15 22:10:39.502 LabApp] JupyterLab application directory is F:\anaconda\miniconda3\share\jupyter\lab
[I 2026-08-15 22:10:39.503 LabApp] Extension Manager is 'pypi'.
[I 2026-08-15 22:10:41.214 LabApp] Extensions will be fetched using proxy, proxy host and port: ('127.0.0.1', '7897')
[I 2026-08-15 22:10:41.223 ServerApp] jupyterlab | extension was successfully loaded.
[I 2026-08-15 22:10:41.235 ServerApp] notebook | extension was successfully loaded.
[I 2026-08-15 22:10:41.237 ServerApp] Serving notebooks from local directory: D:\code\codeByCursor\AI_EXAM\ai-search-rag-internship\notebooks
[I 2026-08-15 22:10:41.237 ServerApp] Jupyter Server 2.16.0 is running at:
[I 2026-08-15 22:10:41.238 ServerApp] http://127.0.0.1:8888/lab
[I 2026-08-15 22:10:41.238 ServerApp] Use Control-C to stop this server and shut down all kernels (twice to skip confirmation).
[I 2026-08-15 22:10:43.051 ServerApp] Skipped non-installed server(s): bash-language-server, dockerfile-language-server-nodejs, javascript-typescript-langserver, jedi-language-server, julia-language-server, pyright, python-language-server, python-lsp-server, r-languageserver, sql-language-server, texlab, typescript-language-server, unified-language-server, vscode-css-languageserver-bin, vscode-html-languageserver-bin, vscode-json-languageserver-bin, yaml-language-server
[W 2026-08-15 22:10:44.306 ServerApp] 404 GET /api/contents/notebooks?content=1&hash=0&1786803044300 (94940d09ad8c47428b00e2472a129939@127.0.0.1) 2.49ms referer=http://127.0.0.1:8888/lab/tree/notebooks/00_mission_control.ipynb
[W 2026-08-15 22:10:44.307 ServerApp] 404 GET /api/contents/notebooks?content=1&hash=0&1786803044300 (127.0.0.1): No such file or directory: notebooks
[W 2026-08-15 22:11:15.323 ServerApp] 404 GET /api/contents/notebooks?content=0&hash=0&1786803075309 (94940d09ad8c47428b00e2472a129939@127.0.0.1) 2.49ms referer=http://127.0.0.1:8888/lab/tree/00_mission_control.ipynb
[W 2026-08-15 22:11:15.326 ServerApp] 404 GET /api/contents/notebooks?content=0&hash=0&1786803075309 (127.0.0.1): No such file or directory: notebooks
[W 2026-08-15 22:11:15.331 ServerApp] 404 GET /api/contents/notebooks/00_mission_control.ipynb?content=0&hash=0&1786803075310 (94940d09ad8c47428b00e2472a129939@127.0.0.1) 3.43ms referer=http://127.0.0.1:8888/lab/tree/00_mission_control.ipynb
[W 2026-08-15 22:11:15.332 ServerApp] 404 GET /api/contents/notebooks/00_mission_control.ipynb?content=0&hash=0&1786803075310 (127.0.0.1): No such file or directory: notebooks/00_mission_control.ipynb
[W 2026-08-15 22:11:15.374 ServerApp] 404 GET /api/contents/notebooks/00_mission_control.ipynb?content=0&hash=0&1786803075312 (94940d09ad8c47428b00e2472a129939@127.0.0.1) 3.49ms referer=http://127.0.0.1:8888/lab/tree/00_mission_control.ipynb
[W 2026-08-15 22:11:15.375 ServerApp] 404 GET /api/contents/notebooks/00_mission_control.ipynb?content=0&hash=0&1786803075312 (127.0.0.1): No such file or directory: notebooks/00_mission_control.ipynb
[I 2026-08-15 22:11:16.050 LabApp] Build is up to date
[I 2026-08-15 22:11:18.252 ServerApp] Kernel started: cdc3e4d5-b3ab-43aa-81b2-1b196b87bad9
[I 2026-08-15 22:11:21.528 ServerApp] Connecting to kernel cdc3e4d5-b3ab-43aa-81b2-1b196b87bad9.
[W 2026-08-15 22:11:21.546 ServerApp] The websocket_ping_timeout (90000) cannot be longer than the websocket_ping_interval (30000).
    Setting websocket_ping_timeout=30000
[I 2026-08-15 22:11:21.559 ServerApp] Connecting to kernel cdc3e4d5-b3ab-43aa-81b2-1b196b87bad9.
[I 2026-08-15 22:11:21.599 ServerApp] Connecting to kernel cdc3e4d5-b3ab-43aa-81b2-1b196b87bad9.
[W 2026-08-15 22:11:21.624 ServerApp] Got events for closed stream <zmq.eventloop.zmqstream.ZMQStream object at 0x000001D08561FED0>
[W 2026-08-15 22:11:21.684 ServerApp] Got events for closed stream <zmq.eventloop.zmqstream.ZMQStream object at 0x000001D0857A2450>
[I 2026-08-15 22:11:40.857 ServerApp] Starting buffering for cdc3e4d5-b3ab-43aa-81b2-1b196b87bad9:e17c7c90-78f6-41f4-bf0a-8207f4451682
[I 2026-08-15 22:11:46.687 ServerApp] Connecting to kernel cdc3e4d5-b3ab-43aa-81b2-1b196b87bad9.
[I 2026-08-15 22:11:47.096 ServerApp] Starting buffering for cdc3e4d5-b3ab-43aa-81b2-1b196b87bad9:f56bda57-7269-41a6-a160-6b8112597d04
[I 2026-08-15 22:11:47.396 LabApp] Build is up to date
[I 2026-08-15 22:11:48.127 ServerApp] Connecting to kernel cdc3e4d5-b3ab-43aa-81b2-1b196b87bad9.
[I 2026-08-15 22:13:04.219 ServerApp] Connecting to kernel cdc3e4d5-b3ab-43aa-81b2-1b196b87bad9.
[I 2026-08-15 22:13:05.069 LabApp] Build is up to date
[I 2026-08-15 22:13:06.607 ServerApp] Connecting to kernel cdc3e4d5-b3ab-43aa-81b2-1b196b87bad9.
[I 2026-08-15 22:15:44.807 ServerApp] Kernel started: 49067f86-a033-4f28-8b19-206e29eef745
[I 2026-08-15 22:15:47.488 ServerApp] Connecting to kernel 49067f86-a033-4f28-8b19-206e29eef745.
[I 2026-08-15 22:15:52.777 ServerApp] Kernel started: c34232f3-43c6-4ace-a89c-baac5ae0bdfc
[I 2026-08-15 22:15:55.792 ServerApp] Connecting to kernel c34232f3-43c6-4ace-a89c-baac5ae0bdfc.
[I 2026-08-15 22:15:57.507 ServerApp] Kernel started: 2216cd16-9e45-4861-8946-1ff0d38474c1
[I 2026-08-15 22:15:59.985 ServerApp] Connecting to kernel 2216cd16-9e45-4861-8946-1ff0d38474c1.
[I 2026-08-15 22:16:02.219 ServerApp] Starting buffering for 49067f86-a033-4f28-8b19-206e29eef745:64e87ee9-c557-4144-942b-8fb6a49f7be6
[I 2026-08-15 22:16:02.230 ServerApp] Starting buffering for c34232f3-43c6-4ace-a89c-baac5ae0bdfc:547f7ff5-2e9b-4f64-a9d7-a43720b6c29e
[I 2026-08-15 22:16:02.241 ServerApp] Starting buffering for 2216cd16-9e45-4861-8946-1ff0d38474c1:b612a893-8259-427b-a1f4-e78f8222f478
[W 2026-08-15 22:17:21.486 ServerApp] Notebook phase2/02_dense_and_rrf.ipynb is not trusted
[I 2026-08-15 22:17:22.124 ServerApp] Kernel started: 0f10ca15-6d9a-499b-8b8a-f871ec2844d6
[I 2026-08-15 22:17:26.701 ServerApp] Connecting to kernel 0f10ca15-6d9a-499b-8b8a-f871ec2844d6.
[W 2026-08-15 22:17:57.238 ServerApp] Notebook phase2/03_phase2_evaluation.ipynb is not trusted
[I 2026-08-15 22:17:57.588 ServerApp] Kernel started: 9e1417f6-db1f-4fa2-92cc-0b661acde973
[I 2026-08-15 22:17:59.984 ServerApp] Connecting to kernel 9e1417f6-db1f-4fa2-92cc-0b661acde973.
[I 2026-08-15 22:19:21.557 ServerApp] Saving file at /phase2/02_dense_and_rrf.ipynb
[I 2026-08-15 22:19:57.304 ServerApp] Saving file at /phase2/03_phase2_evaluation.ipynb
[I 2026-08-15 22:40:46.534 ServerApp] Starting buffering for 0f10ca15-6d9a-499b-8b8a-f871ec2844d6:85dfe884-3de1-468d-994c-7c468cc6c7c0
[I 2026-08-15 22:40:46.537 ServerApp] Starting buffering for 9e1417f6-db1f-4fa2-92cc-0b661acde973:e10bfd7c-3acf-4a91-8d17-96d2e194b8aa
[I 2026-08-15 22:40:46.541 ServerApp] Starting buffering for cdc3e4d5-b3ab-43aa-81b2-1b196b87bad9:e40d416c-a59a-4b96-938d-9204f2686bc4
[I 2026-08-16 04:06:32.105 ServerApp] Connecting to kernel cdc3e4d5-b3ab-43aa-81b2-1b196b87bad9.
[I 2026-08-16 04:06:32.111 ServerApp] Restoring connection for cdc3e4d5-b3ab-43aa-81b2-1b196b87bad9:e40d416c-a59a-4b96-938d-9204f2686bc4
[I 2026-08-16 04:06:32.425 ServerApp] Connecting to kernel 0f10ca15-6d9a-499b-8b8a-f871ec2844d6.
[I 2026-08-16 04:06:32.425 ServerApp] Restoring connection for 0f10ca15-6d9a-499b-8b8a-f871ec2844d6:85dfe884-3de1-468d-994c-7c468cc6c7c0
[I 2026-08-16 04:06:32.965 ServerApp] Connecting to kernel 9e1417f6-db1f-4fa2-92cc-0b661acde973.
[I 2026-08-16 04:06:32.966 ServerApp] Restoring connection for 9e1417f6-db1f-4fa2-92cc-0b661acde973:e10bfd7c-3acf-4a91-8d17-96d2e194b8aa
[I 2026-08-16 04:06:33.797 ServerApp] Starting buffering for 9e1417f6-db1f-4fa2-92cc-0b661acde973:e10bfd7c-3acf-4a91-8d17-96d2e194b8aa
[I 2026-08-16 04:06:33.799 ServerApp] Starting buffering for cdc3e4d5-b3ab-43aa-81b2-1b196b87bad9:e40d416c-a59a-4b96-938d-9204f2686bc4
[I 2026-08-16 04:06:33.803 ServerApp] Starting buffering for 0f10ca15-6d9a-499b-8b8a-f871ec2844d6:85dfe884-3de1-468d-994c-7c468cc6c7c0
[I 2026-08-16 09:47:08.963 ServerApp] Connecting to kernel cdc3e4d5-b3ab-43aa-81b2-1b196b87bad9.
[I 2026-08-16 09:47:08.965 ServerApp] Restoring connection for cdc3e4d5-b3ab-43aa-81b2-1b196b87bad9:e40d416c-a59a-4b96-938d-9204f2686bc4
[I 2026-08-16 09:47:25.947 ServerApp] Connecting to kernel 0f10ca15-6d9a-499b-8b8a-f871ec2844d6.
[I 2026-08-16 09:47:25.947 ServerApp] Restoring connection for 0f10ca15-6d9a-499b-8b8a-f871ec2844d6:85dfe884-3de1-468d-994c-7c468cc6c7c0
[I 2026-08-16 09:47:35.129 ServerApp] Connecting to kernel 9e1417f6-db1f-4fa2-92cc-0b661acde973.
[I 2026-08-16 09:47:35.129 ServerApp] Restoring connection for 9e1417f6-db1f-4fa2-92cc-0b661acde973:e10bfd7c-3acf-4a91-8d17-96d2e194b8aa
[I 2026-08-16 09:50:12.268 ServerApp] Connecting to kernel 2216cd16-9e45-4861-8946-1ff0d38474c1.
[I 2026-08-16 09:50:33.634 ServerApp] Starting buffering for 0f10ca15-6d9a-499b-8b8a-f871ec2844d6:85dfe884-3de1-468d-994c-7c468cc6c7c0
[I 2026-08-16 09:50:39.641 ServerApp] Kernel started: 30646796-6bc3-4421-9d44-670c016779f5
[I 2026-08-16 09:50:42.646 ServerApp] Connecting to kernel 30646796-6bc3-4421-9d44-670c016779f5.
[I 2026-08-16 09:56:55.479 ServerApp] Connecting to kernel 49067f86-a033-4f28-8b19-206e29eef745.
[I 2026-08-16 09:58:46.516 ServerApp] Connecting to kernel c34232f3-43c6-4ace-a89c-baac5ae0bdfc.
[I 2026-08-16 10:22:51.428 ServerApp] Connecting to kernel 0f10ca15-6d9a-499b-8b8a-f871ec2844d6.
[I 2026-08-16 10:27:08.891 ServerApp] Starting buffering for 9e1417f6-db1f-4fa2-92cc-0b661acde973:e10bfd7c-3acf-4a91-8d17-96d2e194b8aa
[I 2026-08-16 10:27:08.933 ServerApp] Starting buffering for 30646796-6bc3-4421-9d44-670c016779f5:14004559-ea12-48f4-8905-a7bd33555302
[I 2026-08-16 10:27:08.945 ServerApp] Starting buffering for 49067f86-a033-4f28-8b19-206e29eef745:c6dcf681-4d77-40eb-82b7-168506cfef54
[I 2026-08-16 10:27:08.963 ServerApp] Starting buffering for c34232f3-43c6-4ace-a89c-baac5ae0bdfc:b676a328-0ba0-49f7-a47e-ee32da086383
[I 2026-08-16 10:27:08.973 ServerApp] Starting buffering for 2216cd16-9e45-4861-8946-1ff0d38474c1:136bca1e-ec54-490e-afda-39050035e7cf
[I 2026-08-16 10:27:08.990 ServerApp] Starting buffering for 0f10ca15-6d9a-499b-8b8a-f871ec2844d6:3696b0b3-8b8e-49e9-aee7-fb34a9eddf16
[I 2026-08-16 10:27:10.696 ServerApp] Connecting to kernel 9e1417f6-db1f-4fa2-92cc-0b661acde973.
[W 2026-08-16 10:27:48.380 ServerApp] Notebook phase3/01_metrics_and_timing.ipynb is not trusted
[I 2026-08-16 10:27:49.105 ServerApp] Kernel started: 7bf15ff6-92e5-423a-a2ac-79d0f5677c84
[I 2026-08-16 10:27:52.142 ServerApp] Starting buffering for 9e1417f6-db1f-4fa2-92cc-0b661acde973:21bc542c-01ae-4e4a-b2ae-b93436ec8e87
[I 2026-08-16 10:27:54.239 ServerApp] Connecting to kernel 7bf15ff6-92e5-423a-a2ac-79d0f5677c84.
[I 2026-08-16 10:29:48.492 ServerApp] Saving file at /phase3/01_metrics_and_timing.ipynb
